Microsoft (R) Macro Assembler Version 14.29.30133.0	    08/02/22 00:55:09
<Project 6 - String Primitives and Macros      (Proj6_iwanek  Page 1 - 1


				TITLE Project 6 - String Primitives and Macros      (Proj6_iwanekm.asm)

				;--------------------------------------------------------------------------------------------------------------------------------------------------
				; Author:					Michael Iwanek
				; Last Modified:			08/01/2022
				; OSU email address:		iwanekm@oregonstate.edu
				; Course number/section:	CS271 Section 400
				; Project Number:			06
				; Due Date:					08/07/2022
				;--------------------------------------------------------------------------------------------------------------------------------------------------
				; Description: 
				;--------------------------------------------------------------------------------------------------------------------------------------------------
				;			-This program 

				;--------------------------------------------------------------------------------------------------------------------------------------------------


				INCLUDE Irvine32.inc
			      C ; Include file for Irvine32.lib             (Irvine32.inc)
			      C 
			      C ;OPTION CASEMAP:NONE		; optional: make identifiers case-sensitive
			      C 
			      C INCLUDE SmallWin.inc		; MS-Windows prototypes, structures, and constants
			      C .NOLIST
			      C .LIST
			      C 
			      C INCLUDE VirtualKeys.inc
			      C ; VirtualKeys.inc
			      C .NOLIST
			      C .LIST
			      C 
			      C 
			      C .NOLIST
			      C .LIST
			      C 

				mGetString	MACRO	buffer, buffer_size
					PUSH  EDX				;Save EDX register
					PUSH  ECX
					MOV   EDX,  buffer
					MOV   ECX,  [buffer_size]
					CALL  ReadString
					POP   EDX				;Restore EDX
					POP   ECX				;Restore ECX
				ENDM

				mDisplayString	MACRO	buffer
					PUSH  EDX				;Save EDX register
					MOV   EDX, buffer
					CALL  WriteString
					POP   EDX				;Restore EDX
				ENDM

				; (insert constant definitions here)

 00000000			.data
 00000000 48 65 6C 6C 6F	program_info_1		BYTE		"Hello!  Welcome to my program:  String Primitives and Macros by Michael Iwanek",13,10,13,10,0
	   21 20 20 57 65
	   6C 63 6F 6D 65
	   20 74 6F 20 6D
	   79 20 70 72 6F
	   67 72 61 6D 3A
	   20 20 53 74 72
	   69 6E 67 20 50
	   72 69 6D 69 74
	   69 76 65 73 20
	   61 6E 64 20 4D
	   61 63 72 6F 73
	   20 62 79 20 4D
	   69 63 68 61 65
	   6C 20 49 77 61
	   6E 65 6B 0D 0A
	   0D 0A 00
 00000053 50 6C 65 61 73	program_info_2		BYTE		"Please enter in 10 signed decimal integers.  This program will then display each number entered, their average value, and sum.",13,10
	   65 20 65 6E 74
	   65 72 20 69 6E
	   20 31 30 20 73
	   69 67 6E 65 64
	   20 64 65 63 69
	   6D 61 6C 20 69
	   6E 74 65 67 65
	   72 73 2E 20 20
	   54 68 69 73 20
	   70 72 6F 67 72
	   61 6D 20 77 69
	   6C 6C 20 74 68
	   65 6E 20 64 69
	   73 70 6C 61 79
	   20 65 61 63 68
	   20 6E 75 6D 62
	   65 72 20 65 6E
	   74 65 72 65 64
	   2C 20 74 68 65
	   69 72 20 61 76
	   65 72 61 67 65
	   20 76 61 6C 75
	   65 2C 20 61 6E
	   64 20 73 75 6D
	   2E 0D 0A
 000000D3  45 61 63 68 20						BYTE		"Each number must be able to fit within a 32 bit register, or be between the values of -2,147,483,647 and 2,147,483,647 inclusive (or +/- 2^31).",13,10,13,10,0
	   6E 75 6D 62 65
	   72 20 6D 75 73
	   74 20 62 65 20
	   61 62 6C 65 20
	   74 6F 20 66 69
	   74 20 77 69 74
	   68 69 6E 20 61
	   20 33 32 20 62
	   69 74 20 72 65
	   67 69 73 74 65
	   72 2C 20 6F 72
	   20 62 65 20 62
	   65 74 77 65 65
	   6E 20 74 68 65
	   20 76 61 6C 75
	   65 73 20 6F 66
	   20 2D 32 2C 31
	   34 37 2C 34 38
	   33 2C 36 34 37
	   20 61 6E 64 20
	   32 2C 31 34 37
	   2C 34 38 33 2C
	   36 34 37 20 69
	   6E 63 6C 75 73
	   69 76 65 20 28
	   6F 72 20 2B 2F
	   2D 20 32 5E 33
	   31 29 2E 0D 0A
	   0D 0A 00
 00000167  0000000C [		userString			BYTE		12 DUP(?)			;10 digit string, +1 for + or neg sign; +1 for null terminator
	    00
	   ]
 00000173 00000000		userString_len		DWORD		?
 00000177 00000000		temp_num			DWORD		?
 0000017B 0000000C		userString_max_len	DWORD		LENGTHOF userString
 0000017F 50 6C 65 61 73	num_prompt			BYTE		"Please enter a signed number between -2^31 and 2^31: ",0
	   65 20 65 6E 74
	   65 72 20 61 20
	   73 69 67 6E 65
	   64 20 6E 75 6D
	   62 65 72 20 62
	   65 74 77 65 65
	   6E 20 2D 32 5E
	   33 31 20 61 6E
	   64 20 32 5E 33
	   31 3A 20 00
 000001B5  000007D0 [		IntegerArray		SDWORD		2000 DUP(?)
	    00000000
	   ]
 000020F5 000007D0		IntegerArray_len	DWORD		LENGTHOF IntegerArray  ;num elements
 000020F9 00001F40		IntegerArray_size	DWORD		SIZEOF IntegerArray	   ;num bytes
 000020FD 45 72 72 6F 72	Error_no_input		BYTE		"Error!  You didn't enter in any numbers.",0 
	   21 20 20 59 6F
	   75 20 64 69 64
	   6E 27 74 20 65
	   6E 74 65 72 20
	   69 6E 20 61 6E
	   79 20 6E 75 6D
	   62 65 72 73 2E
	   00
 00002126 45 72 72 6F 72	Error_char_num		BYTE		"Error!  You can only enter numbers, and the plus or minus sign.",0 
	   21 20 20 59 6F
	   75 20 63 61 6E
	   20 6F 6E 6C 79
	   20 65 6E 74 65
	   72 20 6E 75 6D
	   62 65 72 73 2C
	   20 61 6E 64 20
	   74 68 65 20 70
	   6C 75 73 20 6F
	   72 20 6D 69 6E
	   75 73 20 73 69
	   67 6E 2E 00
 00002166 45 72 72 6F 72	Error_sign_use		BYTE		"Error!  You can only enter the plus or minus sign at the beginning of the number.",0 
	   21 20 20 59 6F
	   75 20 63 61 6E
	   20 6F 6E 6C 79
	   20 65 6E 74 65
	   72 20 74 68 65
	   20 70 6C 75 73
	   20 6F 72 20 6D
	   69 6E 75 73 20
	   73 69 67 6E 20
	   61 74 20 74 68
	   65 20 62 65 67
	   69 6E 6E 69 6E
	   67 20 6F 66 20
	   74 68 65 20 6E
	   75 6D 62 65 72
	   2E 00

 00000000			.code
 00000000			main PROC

				; (insert executable instructions here)
					
					mDisplayString OFFSET program_info_1
 00000000  52		     1		PUSH  EDX				;Save EDX register
 00000001  BA 00000000 R     1		MOV   EDX, OFFSET program_info_1
 00000006  E8 00000000 E     1		CALL  WriteString
 0000000B  5A		     1		POP   EDX				;Restore EDX
					mDisplayString OFFSET program_info_2
 0000000C  52		     1		PUSH  EDX				;Save EDX register
 0000000D  BA 00000053 R     1		MOV   EDX, OFFSET program_info_2
 00000012  E8 00000000 E     1		CALL  WriteString
 00000017  5A		     1		POP   EDX				;Restore EDX
					
 00000018  68 00000177 R		PUSH    OFFSET temp_num
 0000001D  68 00000173 R		PUSH    OFFSET userString_len
 00000022  68 000020FD R		PUSH	OFFSET Error_no_input
 00000027  68 00002126 R		PUSH	OFFSET Error_char_num
 0000002C  68 00002166 R		PUSH	OFFSET Error_sign_use
 00000031  FF 35 0000017B R		PUSH    userString_max_len
 00000037  68 00000167 R		PUSH	OFFSET userString
 0000003C  68 0000017F R		PUSH	OFFSET num_prompt
 00000041  E8 00000007			CALL	ReadVal


					Invoke ExitProcess,0	; exit to operating system
 00000046  6A 00	   *	    push   +000000000h
 00000048  E8 00000000 E   *	    call   ExitProcess
 0000004D			main ENDP


 0000004D			ReadVal PROC

					;***************************************************************************************************************************
					;	1) Invoke the mGetString macro to get user input in the form of a string of digits	
					;***************************************************************************************************************************

					LOCAL StringMaxLen:DWORD, StringRef:DWORD, NumsEntered:DWORD, sign:DWORD, numTemp:DWORD, returnValueAscii:DWORD
 0000004D  55		   *	    push   ebp
 0000004E  8B EC	   *	    mov    ebp, esp
 00000050  83 C4 E8	   *	    add    esp, 0FFFFFFE8h
 00000053  60				PUSHAD

 00000054  8B 45 0C			mov eax, [EBP + 12]
 00000057  89 45 F8			mov StringRef, eax
 0000005A  8B 45 10			mov eax, [EBP + 16]	
 0000005D  89 45 FC			mov StringMaxLen, eax

 00000060			_PromptUserInput:

					mDisplayString [EBP + 8]				    ;prompt num	
 00000060  52		     1		PUSH  EDX				;Save EDX register
 00000061  8B 55 08	     1		MOV   EDX, [EBP + 8]
 00000064  E8 00000000 E     1		CALL  WriteString
 00000069  5A		     1		POP   EDX				;Restore EDX
				    mGetString StringRef, StringMaxLen			;pass (ref, size) to macro to get user string
 0000006A  52		     1		PUSH  EDX				;Save EDX register
 0000006B  51		     1		PUSH  ECX
 0000006C  8B 55 F8	     1		MOV   EDX,  StringRef
 0000006F  8B 4D FC	     1		MOV   ECX,  [StringMaxLen]
 00000072  E8 00000000 E     1		CALL  ReadString
 00000077  5A		     1		POP   EDX				;Restore EDX
 00000078  59		     1		POP   ECX				;Restore ECX

					;======GET HOW MANY NUMBERS THE USER ENTERED=====================
 00000079  FF 75 20			push [EBP + 32]				;push empty output variable by ref
 0000007C  FF 75 F8			push StringRef				;local variable
 0000007F  FF 75 FC			push StringMaxLen			;local variable
 00000082  E8 000000EB			CALL getStringLen			;get string len
					
 00000087  8B 45 20			mov eax, [EBP + 32]	
 0000008A  8B 10			mov edx, [eax]
 0000008C  89 55 F4			mov NumsEntered, edx		;local variable to hold nums entered




					
					;***************************************************************************************************************************
					;	2) Convert (USING STRING PRIMITIVES) the string of ASCII digits to its numeric value representation (SDWORD).
					;   validating each char is a valid # (not symbol)                                                                
					;***************************************************************************************************************************

					
					;mov EDX, StringRef				;LOCAL VARIABLE - test delete
					;CALL WriteString				;test delete
					

 0000008F  8B 4D F4			mov ECX, NumsEntered			;test if no nums entered using local variable
 00000092  83 F9 00			cmp ECX, 0
 00000095  74 6D			jz _noInputError
 00000097  8B 75 F8			mov ESI, StringRef				;if nums were entered, then start loop
 0000009A  8B 4D FC			mov ECX, StringMaxLen			;test if no nums entered using local variable
 0000009D  C7 45 EC			mov numTemp, 0
	   00000000


				;==================LOOP TO CONVERT STRING STARTS HERE=====================================================
 000000A4			_convertString:	
 000000A4  AC				LODSB					;takes ESI and copies to AL, then increment ESI to next element
 000000A5  3C 00			cmp AL, 0
 000000A7  0F 84 000000A5		jz _FinishedConvertingtoNum
 000000AD  3C 30			cmp AL, 48				;nums are from 48 to 57; + is 43 and - is 45
 000000AF  7C 06			jl	_checkifSign	
 000000B1  3C 39			cmp AL, 57
 000000B3  7F 36			jg	_NotNumError
 000000B5  EB 0A			jmp _Convert	


 000000B7			_checkifSign:
 000000B7  3C 2B			cmp AL, 43			; + sign
 000000B9  74 62			jz	_TestifFirstDigitPlus
 000000BB  3C 2D			cmp AL, 45			; - sign
 000000BD  74 6C			jz	_TestifFirstDigitMinus
 000000BF  EB 2A			jmp _NotNumError

 000000C1			_Convert:
 000000C1  FF 75 24			PUSH [EBP + 36]			 ;temp return variable from ConvertASCIItoNum
 000000C4  50				PUSH EAX				; this pushes AL and garbage values
 000000C5  E8 000000DB			CALL ConvertASCIItoNum	
					
 000000CA  8B 45 EC			mov EAX, numTemp			; tempNum to hold digits
 000000CD  BB 0000000A			mov ebx, 10
 000000D2  F7 E3			mul ebx						; multiply by 10 then loop
 000000D4  50				push eax					; save multiplied numTemp

 000000D5  8B 5D 24			mov ebx, [EBP + 36]		
 000000D8  8B 03			mov eax, [ebx]				; return variable from ConvertASCIItoNum
 000000DA  89 45 E8			mov returnValueAscii, eax	; save return variable from ConvertASCIItoNum

 000000DD  58				pop eax						; restore multipled value to eax
 000000DE  01 45 E8			add returnValueAscii, eax	; add to return variable
 000000E1  8B 45 E8			mov	eax, returnValueAscii	; move num so far to eax
 000000E4  89 45 EC			mov numTemp, EAX			; save to numTemp for next loop

 000000E7			_NextLoop:
					
 000000E7  E2 BB			loop _ConvertString
 000000E9  EB 67			jmp _FinishedConvertingtoNum
				;==================LOOP TO CONVERT STRING ENDS HERE=====================================================



				;Errors and testing if + or - if first char
 000000EB			_NotNumError:
					
					mDisplayString [EBP + 24]				;prompt num	
 000000EB  52		     1		PUSH  EDX				;Save EDX register
 000000EC  8B 55 18	     1		MOV   EDX, [EBP + 24]
 000000EF  E8 00000000 E     1		CALL  WriteString
 000000F4  5A		     1		POP   EDX				;Restore EDX
 000000F5  E8 00000000 E		call CrLf
 000000FA  E8 00000000 E		call CrLF
 000000FF  E9 FFFFFF5C			jmp _PromptUserInput


 00000104			_noInputError:
					mDisplayString [EBP + 28]				;prompt num	
 00000104  52		     1		PUSH  EDX				;Save EDX register
 00000105  8B 55 1C	     1		MOV   EDX, [EBP + 28]
 00000108  E8 00000000 E     1		CALL  WriteString
 0000010D  5A		     1		POP   EDX				;Restore EDX
 0000010E  E8 00000000 E		call CrLf
 00000113  E8 00000000 E		call CrLF
 00000118  E9 FFFFFF43			jmp _PromptUserInput

 0000011D			_TestifFirstDigitPlus:
 0000011D  39 4D FC			cmp StringMaxLen, ECX
 00000120  75 17			jnz _signNotFirstError
 00000122  C7 45 F0			mov sign, 1	
	   00000001
 00000129  EB BC			jmp _NextLoop


 0000012B			_TestifFirstDigitMinus:
 0000012B  39 4D FC			cmp StringMaxLen, ECX
 0000012E  75 09			jnz _signNotFirstError
 00000130  C7 45 F0			mov sign, 2							; local variable set as negative
	   00000002
 00000137  EB AE			jmp _NextLoop

 00000139			_signNotFirstError:
					mDisplayString [EBP + 20]				;prompt num	
 00000139  52		     1		PUSH  EDX				;Save EDX register
 0000013A  8B 55 14	     1		MOV   EDX, [EBP + 20]
 0000013D  E8 00000000 E     1		CALL  WriteString
 00000142  5A		     1		POP   EDX				;Restore EDX
 00000143  E8 00000000 E		call CrLf
 00000148  E8 00000000 E		call CrLF
 0000014D  E9 FFFFFF0E			jmp _PromptUserInput




					;***************************************************************************************************************************
					;	3) Store this one value in a memory variable (output paratmeter, by reference).                                                              
					;***************************************************************************************************************************

 00000152			_testIfNumtooLarge:


 00000152			_FinishedConvertingtoNum:
					
 00000152  83 7D F0 02			cmp sign, 2
 00000156  74 02			jz _convertNumtoNegative
 00000158  EB 08			jmp _storeNumtoArray
					

 0000015A			_convertNumtoNegative:
 0000015A  8B 45 E8			mov eax, returnValueAscii  
 0000015D  F7 D8			neg eax
 0000015F  89 45 E8			mov returnValueAscii, eax 


 00000162			_storeNumtoArray:


 00000162  8B 45 E8			mov eax, returnValueAscii  ;test delete
 00000165  83 C0 05			add eax, 5			;test delete to add num
 00000168  E8 00000000 E		call writeint		; test to show added num

 0000016D  61				POPAD
 0000016E  C9		   *	    leave  
 0000016F  C2 0020			RET 32		; dereference 1 passed parameter address


 00000172			ReadVal ENDP



 00000172			WriteVal PROC


 00000172			WriteVal ENDP



 00000172			getStringLen PROC
					
					LOCAL StringLen:DWORD
 00000172  55		   *	    push   ebp
 00000173  8B EC	   *	    mov    ebp, esp
 00000175  83 C4 FC	   *	    add    esp, 0FFFFFFFCh
 00000178  60				PUSHAD

 00000179  8B 4D 08			mov ECX, [EBP + 8]		;max length for counter
 0000017C  8B 75 0C			mov ESI, [EBP + 12]		;output ref

 0000017F  C7 45 FC			mov StringLen, 0
	   00000000
					
 00000186			_countLoop:
 00000186  AC				LODSB	
 00000187  3C 00			cmp AL, 0
 00000189  7E 0D			jle _end
 0000018B  3C 2B			cmp AL, 43			; + sign
 0000018D  74 07			jz _nocount
 0000018F  3C 2D			cmp AL, 45			; - sign
 00000191  74 03			jz _nocount
 00000193  FF 45 FC			inc StringLen

 00000196			_nocount:
 00000196  E2 EE			loop _countLoop
					
 00000198			_end:
 00000198  8B 45 FC			mov EAX, StringLen		;LOCAL VARIABLE
 0000019B  8B 55 10			mov EDX, [EBP + 16] 	;move count to output variable
 0000019E  89 02			mov [EDX], EAX 			;move count to output variable
					
 000001A0  61				POPAD
 000001A1  C9		   *	    leave  
 000001A2  C2 000C			ret 12

 000001A5			getStringLen ENDP



 000001A5			ConvertASCIItoNum PROC
					
					LOCAL numText:BYTE 
 000001A5  55		   *	    push   ebp
 000001A6  8B EC	   *	    mov    ebp, esp
 000001A8  83 C4 FC	   *	    add    esp, 0FFFFFFFCh
 000001AB  60				PUSHAD

 000001AC  8B 45 08			mov EAX, [EBP + 8]		;whole EAX register
 000001AF  8B 5D 0C			mov EBX, [EBP + 12]		;output variable

 000001B2  88 45 FF			mov numText, AL		;technically comparing AL here

 000001B5  80 7D FF 30			cmp numText, 48
 000001B9  74 36			jz _zero
 000001BB  80 7D FF 31			cmp numText, 49
 000001BF  74 37			jz _one
 000001C1  80 7D FF 32			cmp numText, 50
 000001C5  74 38			jz _two
 000001C7  80 7D FF 33			cmp numText, 51
 000001CB  74 39			jz _three
 000001CD  80 7D FF 34			cmp numText, 52
 000001D1  74 3A			jz _four
 000001D3  80 7D FF 35			cmp numText, 53
 000001D7  74 3B			jz _five
 000001D9  80 7D FF 36			cmp numText, 54
 000001DD  74 3C			jz _six
 000001DF  80 7D FF 37			cmp numText, 55
 000001E3  74 3D			jz _seven
 000001E5  80 7D FF 38			cmp numText, 56
 000001E9  74 3E			jz _eight
 000001EB  80 7D FF 39			cmp numText, 57
 000001EF  74 3F			jz _nine


 000001F1			_zero:
 000001F1  B8 00000000			mov EAX, 0
 000001F6  EB 3F			jmp _return

 000001F8			_one:
 000001F8  B8 00000001			mov EAX, 1
 000001FD  EB 38			jmp _return

 000001FF			_two:
 000001FF  B8 00000002			mov EAX, 2
 00000204  EB 31			jmp _return

 00000206			_three:
 00000206  B8 00000003			mov EAX, 3
 0000020B  EB 2A			jmp _return

 0000020D			_four:
 0000020D  B8 00000004			mov EAX, 4
 00000212  EB 23			jmp _return

 00000214			_five:
 00000214  B8 00000005			mov EAX, 5
 00000219  EB 1C			jmp _return

 0000021B			_six:
 0000021B  B8 00000006			mov EAX, 6
 00000220  EB 15			jmp _return

 00000222			_seven:
 00000222  B8 00000007			mov EAX, 7
 00000227  EB 0E			jmp _return

 00000229			_eight:
 00000229  B8 00000008			mov EAX, 8
 0000022E  EB 07			jmp _return

 00000230			_nine:
 00000230  B8 00000009			mov EAX, 9
 00000235  EB 00			jmp _return



 00000237			_return:
 00000237  89 03			mov [EBX],EAX	;move result to output variable
					
 00000239  61				POPAD
 0000023A  C9		   *	    leave  
 0000023B  C2 0008			ret 8

 0000023E			ConvertASCIItoNum ENDP

				END main
Microsoft (R) Macro Assembler Version 14.29.30133.0	    08/02/22 00:55:09
<Project 6 - String Primitives and Macros      (Proj6_iwanek  Symbols 2 - 1




Macros:

                N a m e                 Type

mDisplayString . . . . . . . . .	Proc
mGetString . . . . . . . . . . .	Proc


Structures and Unions:

                N a m e                  Size
                                         Offset      Type

CONSOLE_CURSOR_INFO  . . . . . .	 00000008
  dwSize . . . . . . . . . . . .	 00000000	 DWord
  bVisible . . . . . . . . . . .	 00000004	 DWord
CONSOLE_SCREEN_BUFFER_INFO . . .	 00000016
  dwSize . . . . . . . . . . . .	 00000000	 DWord
  dwCursorPosition . . . . . . .	 00000004	 DWord
  wAttributes  . . . . . . . . .	 00000008	 Word
  srWindow . . . . . . . . . . .	 0000000A	 QWord
  dwMaximumWindowSize  . . . . .	 00000012	 DWord
COORD  . . . . . . . . . . . . .	 00000004
  X  . . . . . . . . . . . . . .	 00000000	 Word
  Y  . . . . . . . . . . . . . .	 00000002	 Word
FILETIME . . . . . . . . . . . .	 00000008
  loDateTime . . . . . . . . . .	 00000000	 DWord
  hiDateTime . . . . . . . . . .	 00000004	 DWord
FOCUS_EVENT_RECORD . . . . . . .	 00000004
  bSetFocus  . . . . . . . . . .	 00000000	 DWord
FPU_ENVIRON  . . . . . . . . . .	 0000001C
  controlWord  . . . . . . . . .	 00000000	 Word
  statusWord . . . . . . . . . .	 00000004	 Word
  tagWord  . . . . . . . . . . .	 00000008	 Word
  instrPointerOffset . . . . . .	 0000000C	 DWord
  instrPointerSelector . . . . .	 00000010	 DWord
  operandPointerOffset . . . . .	 00000014	 DWord
  operandPointerSelector . . . .	 00000018	 Word
INPUT_RECORD . . . . . . . . . .	 00000014
  EventType  . . . . . . . . . .	 00000000	 Word
  Event  . . . . . . . . . . . .	 00000004	 XmmWord
  bKeyDown . . . . . . . . . . .	 00000000	 DWord
  wRepeatCount . . . . . . . . .	 00000004	 Word
  wVirtualKeyCode  . . . . . . .	 00000006	 Word
  wVirtualScanCode . . . . . . .	 00000008	 Word
  uChar  . . . . . . . . . . . .	 0000000A	 Word
  UnicodeChar  . . . . . . . . .	 00000000	 Word
  AsciiChar  . . . . . . . . . .	 00000000	 Byte
  dwControlKeyState  . . . . . .	 0000000C	 DWord
  dwMousePosition  . . . . . . .	 00000000	 DWord
  dwButtonState  . . . . . . . .	 00000004	 DWord
  dwMouseControlKeyState . . . .	 00000008	 DWord
  dwEventFlags . . . . . . . . .	 0000000C	 DWord
  dwSize . . . . . . . . . . . .	 00000000	 DWord
  dwCommandId  . . . . . . . . .	 00000000	 DWord
  bSetFocus  . . . . . . . . . .	 00000000	 DWord
KEY_EVENT_RECORD . . . . . . . .	 00000010
  bKeyDown . . . . . . . . . . .	 00000000	 DWord
  wRepeatCount . . . . . . . . .	 00000004	 Word
  wVirtualKeyCode  . . . . . . .	 00000006	 Word
  wVirtualScanCode . . . . . . .	 00000008	 Word
  uChar  . . . . . . . . . . . .	 0000000A	 Word
  UnicodeChar  . . . . . . . . .	 00000000	 Word
  AsciiChar  . . . . . . . . . .	 00000000	 Byte
  dwControlKeyState  . . . . . .	 0000000C	 DWord
MENU_EVENT_RECORD  . . . . . . .	 00000004
  dwCommandId  . . . . . . . . .	 00000000	 DWord
MOUSE_EVENT_RECORD . . . . . . .	 00000010
  dwMousePosition  . . . . . . .	 00000000	 DWord
  dwButtonState  . . . . . . . .	 00000004	 DWord
  dwMouseControlKeyState . . . .	 00000008	 DWord
  dwEventFlags . . . . . . . . .	 0000000C	 DWord
SMALL_RECT . . . . . . . . . . .	 00000008
  Left . . . . . . . . . . . . .	 00000000	 Word
  Top  . . . . . . . . . . . . .	 00000002	 Word
  Right  . . . . . . . . . . . .	 00000004	 Word
  Bottom . . . . . . . . . . . .	 00000006	 Word
SYSTEMTIME . . . . . . . . . . .	 00000010
  wYear  . . . . . . . . . . . .	 00000000	 Word
  wMonth . . . . . . . . . . . .	 00000002	 Word
  wDayOfWeek . . . . . . . . . .	 00000004	 Word
  wDay . . . . . . . . . . . . .	 00000006	 Word
  wHour  . . . . . . . . . . . .	 00000008	 Word
  wMinute  . . . . . . . . . . .	 0000000A	 Word
  wSecond  . . . . . . . . . . .	 0000000C	 Word
  wMilliseconds  . . . . . . . .	 0000000E	 Word
WINDOW_BUFFER_SIZE_RECORD  . . .	 00000004
  dwSize . . . . . . . . . . . .	 00000000	 DWord


Segments and Groups:

                N a m e                 Size     Length   Align   Combine Class

FLAT . . . . . . . . . . . . . .	GROUP
STACK  . . . . . . . . . . . . .	32 Bit	 00001000 Para	  Stack	  'STACK'	 
_DATA  . . . . . . . . . . . . .	32 Bit	 000021B8 Para	  Public  'DATA'	
_TEXT  . . . . . . . . . . . . .	32 Bit	 0000023E Para	  Public  'CODE'	


Procedures, parameters, and locals:

                N a m e                 Type     Value    Attr

CloseFile  . . . . . . . . . . .	P Near	 00000000 FLAT	Length= 00000000 External STDCALL
CloseHandle  . . . . . . . . . .	P Near	 00000000 FLAT	Length= 00000000 External STDCALL
Clrscr . . . . . . . . . . . . .	P Near	 00000000 FLAT	Length= 00000000 External STDCALL
ConvertASCIItoNum  . . . . . . .	P Near	 000001A5 _TEXT	Length= 00000099 Public STDCALL
  numText  . . . . . . . . . . .	Byte	 bp - 00000001
  _zero  . . . . . . . . . . . .	L Near	 000001F1 _TEXT	
  _one . . . . . . . . . . . . .	L Near	 000001F8 _TEXT	
  _two . . . . . . . . . . . . .	L Near	 000001FF _TEXT	
  _three . . . . . . . . . . . .	L Near	 00000206 _TEXT	
  _four  . . . . . . . . . . . .	L Near	 0000020D _TEXT	
  _five  . . . . . . . . . . . .	L Near	 00000214 _TEXT	
  _six . . . . . . . . . . . . .	L Near	 0000021B _TEXT	
  _seven . . . . . . . . . . . .	L Near	 00000222 _TEXT	
  _eight . . . . . . . . . . . .	L Near	 00000229 _TEXT	
  _nine  . . . . . . . . . . . .	L Near	 00000230 _TEXT	
  _return  . . . . . . . . . . .	L Near	 00000237 _TEXT	
CreateFileA  . . . . . . . . . .	P Near	 00000000 FLAT	Length= 00000000 External STDCALL
CreateOutputFile . . . . . . . .	P Near	 00000000 FLAT	Length= 00000000 External STDCALL
Crlf . . . . . . . . . . . . . .	P Near	 00000000 FLAT	Length= 00000000 External STDCALL
Delay  . . . . . . . . . . . . .	P Near	 00000000 FLAT	Length= 00000000 External STDCALL
DumpMem  . . . . . . . . . . . .	P Near	 00000000 FLAT	Length= 00000000 External STDCALL
DumpRegs . . . . . . . . . . . .	P Near	 00000000 FLAT	Length= 00000000 External STDCALL
ExitProcess  . . . . . . . . . .	P Near	 00000000 FLAT	Length= 00000000 External STDCALL
FileTimeToDosDateTime  . . . . .	P Near	 00000000 FLAT	Length= 00000000 External STDCALL
FileTimeToSystemTime . . . . . .	P Near	 00000000 FLAT	Length= 00000000 External STDCALL
FlushConsoleInputBuffer  . . . .	P Near	 00000000 FLAT	Length= 00000000 External STDCALL
FormatMessageA . . . . . . . . .	P Near	 00000000 FLAT	Length= 00000000 External STDCALL
GetCommandLineA  . . . . . . . .	P Near	 00000000 FLAT	Length= 00000000 External STDCALL
GetCommandTail . . . . . . . . .	P Near	 00000000 FLAT	Length= 00000000 External STDCALL
GetConsoleCP . . . . . . . . . .	P Near	 00000000 FLAT	Length= 00000000 External STDCALL
GetConsoleCursorInfo . . . . . .	P Near	 00000000 FLAT	Length= 00000000 External STDCALL
GetConsoleMode . . . . . . . . .	P Near	 00000000 FLAT	Length= 00000000 External STDCALL
GetConsoleScreenBufferInfo . . .	P Near	 00000000 FLAT	Length= 00000000 External STDCALL
GetDateTime  . . . . . . . . . .	P Near	 00000000 FLAT	Length= 00000000 External STDCALL
GetFileTime  . . . . . . . . . .	P Near	 00000000 FLAT	Length= 00000000 External STDCALL
GetKeyState  . . . . . . . . . .	P Near	 00000000 FLAT	Length= 00000000 External STDCALL
GetLastError . . . . . . . . . .	P Near	 00000000 FLAT	Length= 00000000 External STDCALL
GetLocalTime . . . . . . . . . .	P Near	 00000000 FLAT	Length= 00000000 External STDCALL
GetMaxXY . . . . . . . . . . . .	P Near	 00000000 FLAT	Length= 00000000 External STDCALL
GetMseconds  . . . . . . . . . .	P Near	 00000000 FLAT	Length= 00000000 External STDCALL
GetNumberOfConsoleInputEvents  .	P Near	 00000000 FLAT	Length= 00000000 External STDCALL
GetProcessHeap . . . . . . . . .	P Near	 00000000 FLAT	Length= 00000000 External STDCALL
GetStdHandle . . . . . . . . . .	P Near	 00000000 FLAT	Length= 00000000 External STDCALL
GetSystemTime  . . . . . . . . .	P Near	 00000000 FLAT	Length= 00000000 External STDCALL
GetTextColor . . . . . . . . . .	P Near	 00000000 FLAT	Length= 00000000 External STDCALL
GetTickCount . . . . . . . . . .	P Near	 00000000 FLAT	Length= 00000000 External STDCALL
Gotoxy . . . . . . . . . . . . .	P Near	 00000000 FLAT	Length= 00000000 External STDCALL
HeapAlloc  . . . . . . . . . . .	P Near	 00000000 FLAT	Length= 00000000 External STDCALL
HeapCreate . . . . . . . . . . .	P Near	 00000000 FLAT	Length= 00000000 External STDCALL
HeapDestroy  . . . . . . . . . .	P Near	 00000000 FLAT	Length= 00000000 External STDCALL
HeapFree . . . . . . . . . . . .	P Near	 00000000 FLAT	Length= 00000000 External STDCALL
HeapSize . . . . . . . . . . . .	P Near	 00000000 FLAT	Length= 00000000 External STDCALL
IsDigit  . . . . . . . . . . . .	P Near	 00000000 FLAT	Length= 00000000 External STDCALL
LocalFree  . . . . . . . . . . .	P Near	 00000000 FLAT	Length= 00000000 External STDCALL
MessageBoxA  . . . . . . . . . .	P Near	 00000000 FLAT	Length= 00000000 External STDCALL
MsgBoxAsk  . . . . . . . . . . .	P Near	 00000000 FLAT	Length= 00000000 External STDCALL
MsgBox . . . . . . . . . . . . .	P Near	 00000000 FLAT	Length= 00000000 External STDCALL
OpenInputFile  . . . . . . . . .	P Near	 00000000 FLAT	Length= 00000000 External STDCALL
ParseDecimal32 . . . . . . . . .	P Near	 00000000 FLAT	Length= 00000000 External STDCALL
ParseInteger32 . . . . . . . . .	P Near	 00000000 FLAT	Length= 00000000 External STDCALL
PeekConsoleInputA  . . . . . . .	P Near	 00000000 FLAT	Length= 00000000 External STDCALL
Random32 . . . . . . . . . . . .	P Near	 00000000 FLAT	Length= 00000000 External STDCALL
RandomRange  . . . . . . . . . .	P Near	 00000000 FLAT	Length= 00000000 External STDCALL
Randomize  . . . . . . . . . . .	P Near	 00000000 FLAT	Length= 00000000 External STDCALL
ReadChar . . . . . . . . . . . .	P Near	 00000000 FLAT	Length= 00000000 External STDCALL
ReadConsoleA . . . . . . . . . .	P Near	 00000000 FLAT	Length= 00000000 External STDCALL
ReadConsoleInputA  . . . . . . .	P Near	 00000000 FLAT	Length= 00000000 External STDCALL
ReadDec  . . . . . . . . . . . .	P Near	 00000000 FLAT	Length= 00000000 External STDCALL
ReadFile . . . . . . . . . . . .	P Near	 00000000 FLAT	Length= 00000000 External STDCALL
ReadFloat  . . . . . . . . . . .	P Near	 00000000 FLAT	Length= 00000000 External STDCALL
ReadFromFile . . . . . . . . . .	P Near	 00000000 FLAT	Length= 00000000 External STDCALL
ReadHex  . . . . . . . . . . . .	P Near	 00000000 FLAT	Length= 00000000 External STDCALL
ReadInt  . . . . . . . . . . . .	P Near	 00000000 FLAT	Length= 00000000 External STDCALL
ReadKeyFlush . . . . . . . . . .	P Near	 00000000 FLAT	Length= 00000000 External STDCALL
ReadKey  . . . . . . . . . . . .	P Near	 00000000 FLAT	Length= 00000000 External STDCALL
ReadString . . . . . . . . . . .	P Near	 00000000 FLAT	Length= 00000000 External STDCALL
ReadVal  . . . . . . . . . . . .	P Near	 0000004D _TEXT	Length= 00000125 Public STDCALL
  StringMaxLen . . . . . . . . .	DWord	 bp - 00000004
  StringRef  . . . . . . . . . .	DWord	 bp - 00000008
  NumsEntered  . . . . . . . . .	DWord	 bp - 0000000C
  sign . . . . . . . . . . . . .	DWord	 bp - 00000010
  numTemp  . . . . . . . . . . .	DWord	 bp - 00000014
  returnValueAscii . . . . . . .	DWord	 bp - 00000018
  _PromptUserInput . . . . . . .	L Near	 00000060 _TEXT	
  _convertString . . . . . . . .	L Near	 000000A4 _TEXT	
  _checkifSign . . . . . . . . .	L Near	 000000B7 _TEXT	
  _Convert . . . . . . . . . . .	L Near	 000000C1 _TEXT	
  _NextLoop  . . . . . . . . . .	L Near	 000000E7 _TEXT	
  _NotNumError . . . . . . . . .	L Near	 000000EB _TEXT	
  _noInputError  . . . . . . . .	L Near	 00000104 _TEXT	
  _TestifFirstDigitPlus  . . . .	L Near	 0000011D _TEXT	
  _TestifFirstDigitMinus . . . .	L Near	 0000012B _TEXT	
  _signNotFirstError . . . . . .	L Near	 00000139 _TEXT	
  _testIfNumtooLarge . . . . . .	L Near	 00000152 _TEXT	
  _FinishedConvertingtoNum . . .	L Near	 00000152 _TEXT	
  _convertNumtoNegative  . . . .	L Near	 0000015A _TEXT	
  _storeNumtoArray . . . . . . .	L Near	 00000162 _TEXT	
SetConsoleCursorInfo . . . . . .	P Near	 00000000 FLAT	Length= 00000000 External STDCALL
SetConsoleCursorPosition . . . .	P Near	 00000000 FLAT	Length= 00000000 External STDCALL
SetConsoleMode . . . . . . . . .	P Near	 00000000 FLAT	Length= 00000000 External STDCALL
SetConsoleScreenBufferSize . . .	P Near	 00000000 FLAT	Length= 00000000 External STDCALL
SetConsoleTextAttribute  . . . .	P Near	 00000000 FLAT	Length= 00000000 External STDCALL
SetConsoleTitleA . . . . . . . .	P Near	 00000000 FLAT	Length= 00000000 External STDCALL
SetConsoleWindowInfo . . . . . .	P Near	 00000000 FLAT	Length= 00000000 External STDCALL
SetFilePointer . . . . . . . . .	P Near	 00000000 FLAT	Length= 00000000 External STDCALL
SetLocalTime . . . . . . . . . .	P Near	 00000000 FLAT	Length= 00000000 External STDCALL
SetTextColor . . . . . . . . . .	P Near	 00000000 FLAT	Length= 00000000 External STDCALL
ShowFPUStack . . . . . . . . . .	P Near	 00000000 FLAT	Length= 00000000 External STDCALL
Sleep  . . . . . . . . . . . . .	P Near	 00000000 FLAT	Length= 00000000 External STDCALL
StrLength  . . . . . . . . . . .	P Near	 00000000 FLAT	Length= 00000000 External STDCALL
Str_compare  . . . . . . . . . .	P Near	 00000000 FLAT	Length= 00000000 External STDCALL
Str_copy . . . . . . . . . . . .	P Near	 00000000 FLAT	Length= 00000000 External STDCALL
Str_length . . . . . . . . . . .	P Near	 00000000 FLAT	Length= 00000000 External STDCALL
Str_trim . . . . . . . . . . . .	P Near	 00000000 FLAT	Length= 00000000 External STDCALL
Str_ucase  . . . . . . . . . . .	P Near	 00000000 FLAT	Length= 00000000 External STDCALL
SystemTimeToFileTime . . . . . .	P Near	 00000000 FLAT	Length= 00000000 External STDCALL
WaitMsg  . . . . . . . . . . . .	P Near	 00000000 FLAT	Length= 00000000 External STDCALL
WriteBinB  . . . . . . . . . . .	P Near	 00000000 FLAT	Length= 00000000 External STDCALL
WriteBin . . . . . . . . . . . .	P Near	 00000000 FLAT	Length= 00000000 External STDCALL
WriteChar  . . . . . . . . . . .	P Near	 00000000 FLAT	Length= 00000000 External STDCALL
WriteConsoleA  . . . . . . . . .	P Near	 00000000 FLAT	Length= 00000000 External STDCALL
WriteConsoleOutputAttribute  . .	P Near	 00000000 FLAT	Length= 00000000 External STDCALL
WriteConsoleOutputCharacterA . .	P Near	 00000000 FLAT	Length= 00000000 External STDCALL
WriteDec . . . . . . . . . . . .	P Near	 00000000 FLAT	Length= 00000000 External STDCALL
WriteFile  . . . . . . . . . . .	P Near	 00000000 FLAT	Length= 00000000 External STDCALL
WriteFloat . . . . . . . . . . .	P Near	 00000000 FLAT	Length= 00000000 External STDCALL
WriteHexB  . . . . . . . . . . .	P Near	 00000000 FLAT	Length= 00000000 External STDCALL
WriteHex . . . . . . . . . . . .	P Near	 00000000 FLAT	Length= 00000000 External STDCALL
WriteInt . . . . . . . . . . . .	P Near	 00000000 FLAT	Length= 00000000 External STDCALL
WriteStackFrameName  . . . . . .	P Near	 00000000 FLAT	Length= 00000000 External STDCALL
WriteStackFrame  . . . . . . . .	P Near	 00000000 FLAT	Length= 00000000 External STDCALL
WriteString  . . . . . . . . . .	P Near	 00000000 FLAT	Length= 00000000 External STDCALL
WriteToFile  . . . . . . . . . .	P Near	 00000000 FLAT	Length= 00000000 External STDCALL
WriteVal . . . . . . . . . . . .	P Near	 00000172 _TEXT	Length= 00000000 Public STDCALL
WriteWindowsMsg  . . . . . . . .	P Near	 00000000 FLAT	Length= 00000000 External STDCALL
getStringLen . . . . . . . . . .	P Near	 00000172 _TEXT	Length= 00000033 Public STDCALL
  StringLen  . . . . . . . . . .	DWord	 bp - 00000004
  _countLoop . . . . . . . . . .	L Near	 00000186 _TEXT	
  _nocount . . . . . . . . . . .	L Near	 00000196 _TEXT	
  _end . . . . . . . . . . . . .	L Near	 00000198 _TEXT	
main . . . . . . . . . . . . . .	P Near	 00000000 _TEXT	Length= 0000004D Public STDCALL
printf . . . . . . . . . . . . .	P Near	 00000000 FLAT	Length= 00000000 External C
scanf  . . . . . . . . . . . . .	P Near	 00000000 FLAT	Length= 00000000 External C
wsprintfA  . . . . . . . . . . .	P Near	 00000000 FLAT	Length= 00000000 External C


Symbols:

                N a m e                 Type     Value    Attr

@CodeSize  . . . . . . . . . . .	Number	 00000000h   
@DataSize  . . . . . . . . . . .	Number	 00000000h   
@Interface . . . . . . . . . . .	Number	 00000003h   
@Model . . . . . . . . . . . . .	Number	 00000007h   
@code  . . . . . . . . . . . . .	Text   	 _TEXT
@data  . . . . . . . . . . . . .	Text   	 FLAT
@fardata?  . . . . . . . . . . .	Text   	 FLAT
@fardata . . . . . . . . . . . .	Text   	 FLAT
@stack . . . . . . . . . . . . .	Text   	 FLAT
ALT_MASK . . . . . . . . . . . .	Number	 00000003h   
CAPSLOCK_ON  . . . . . . . . . .	Number	 00000080h   
CREATE_ALWAYS  . . . . . . . . .	Number	 00000002h   
CREATE_NEW . . . . . . . . . . .	Number	 00000001h   
CTRL_MASK  . . . . . . . . . . .	Number	 0000000Ch   
CreateFile . . . . . . . . . . .	Text   	 CreateFileA
DO_NOT_SHARE . . . . . . . . . .	Number	 00000000h   
ENABLE_ECHO_INPUT  . . . . . . .	Number	 00000004h   
ENABLE_LINE_INPUT  . . . . . . .	Number	 00000002h   
ENABLE_MOUSE_INPUT . . . . . . .	Number	 00000010h   
ENABLE_PROCESSED_INPUT . . . . .	Number	 00000001h   
ENABLE_PROCESSED_OUTPUT  . . . .	Number	 00000001h   
ENABLE_WINDOW_INPUT  . . . . . .	Number	 00000008h   
ENABLE_WRAP_AT_EOL_OUTPUT  . . .	Number	 00000002h   
ENHANCED_KEY . . . . . . . . . .	Number	 00000100h   
Error_char_num . . . . . . . . .	Byte	 00002126 _DATA	
Error_no_input . . . . . . . . .	Byte	 000020FD _DATA	
Error_sign_use . . . . . . . . .	Byte	 00002166 _DATA	
FALSE  . . . . . . . . . . . . .	Number	 00000000h   
FILE_APPEND_DATA . . . . . . . .	Number	 00000004h   
FILE_ATTRIBUTE_ARCHIVE . . . . .	Number	 00000020h   
FILE_ATTRIBUTE_COMPRESSED  . . .	Number	 00000800h   
FILE_ATTRIBUTE_DEVICE  . . . . .	Number	 00000040h   
FILE_ATTRIBUTE_DIRECTORY . . . .	Number	 00000010h   
FILE_ATTRIBUTE_ENCRYPTED . . . .	Number	 00004000h   
FILE_ATTRIBUTE_HIDDEN  . . . . .	Number	 00000002h   
FILE_ATTRIBUTE_NORMAL  . . . . .	Number	 00000080h   
FILE_ATTRIBUTE_NOT_CONTENT_INDEXED .	Number	 00002000h   
FILE_ATTRIBUTE_OFFLINE . . . . .	Number	 00001000h   
FILE_ATTRIBUTE_READONLY  . . . .	Number	 00000001h   
FILE_ATTRIBUTE_REPARSE_POINT . .	Number	 00000400h   
FILE_ATTRIBUTE_SPARSE_FILE . . .	Number	 00000200h   
FILE_ATTRIBUTE_SYSTEM  . . . . .	Number	 00000004h   
FILE_ATTRIBUTE_TEMPORARY . . . .	Number	 00000100h   
FILE_BEGIN . . . . . . . . . . .	Number	 00000000h   
FILE_CURRENT . . . . . . . . . .	Number	 00000001h   
FILE_DELETE_CHILD  . . . . . . .	Number	 00000040h   
FILE_END . . . . . . . . . . . .	Number	 00000002h   
FILE_READ_DATA . . . . . . . . .	Number	 00000001h   
FILE_SHARE_DELETE  . . . . . . .	Number	 00000004h   
FILE_SHARE_READ  . . . . . . . .	Number	 00000001h   
FILE_SHARE_WRITE . . . . . . . .	Number	 00000002h   
FILE_WRITE_DATA  . . . . . . . .	Number	 00000002h   
FOCUS_EVENT  . . . . . . . . . .	Number	 00000010h   
FORMAT_MESSAGE_ALLOCATE_BUFFER .	Number	 00000100h   
FORMAT_MESSAGE_FROM_SYSTEM . . .	Number	 00001000h   
FormatMessage  . . . . . . . . .	Text   	 FormatMessageA
GENERIC_ALL  . . . . . . . . . .	Number	 10000000h   
GENERIC_EXECUTE  . . . . . . . .	Number	 20000000h   
GENERIC_READ . . . . . . . . . .	Number	 -80000000h   
GENERIC_WRITE  . . . . . . . . .	Number	 40000000h   
GetCommandLine . . . . . . . . .	Text   	 GetCommandLineA
HANDLE . . . . . . . . . . . . .	Text   	 DWORD
HEAP_GENERATE_EXCEPTIONS . . . .	Number	 00000004h   
HEAP_GROWABLE  . . . . . . . . .	Number	 00000002h   
HEAP_NO_SERIALIZE  . . . . . . .	Number	 00000001h   
HEAP_REALLOC_IN_PLACE_ONLY . . .	Number	 00000010h   
HEAP_ZERO_MEMORY . . . . . . . .	Number	 00000008h   
IDABORT  . . . . . . . . . . . .	Number	 00000003h   
IDCANCEL . . . . . . . . . . . .	Number	 00000002h   
IDCLOSE  . . . . . . . . . . . .	Number	 00000008h   
IDCONTINUE . . . . . . . . . . .	Number	 0000000Bh   
IDHELP . . . . . . . . . . . . .	Number	 00000009h   
IDIGNORE . . . . . . . . . . . .	Number	 00000005h   
IDNO . . . . . . . . . . . . . .	Number	 00000007h   
IDOK . . . . . . . . . . . . . .	Number	 00000001h   
IDRETRY  . . . . . . . . . . . .	Number	 00000004h   
IDTIMEOUT  . . . . . . . . . . .	Number	 00007D00h   
IDTRYAGAIN . . . . . . . . . . .	Number	 0000000Ah   
IDYES  . . . . . . . . . . . . .	Number	 00000006h   
INVALID_HANDLE_VALUE . . . . . .	Number	 -00000001h   
IntegerArray_len . . . . . . . .	DWord	 000020F5 _DATA	
IntegerArray_size  . . . . . . .	DWord	 000020F9 _DATA	
IntegerArray . . . . . . . . . .	DWord	 000001B5 _DATA	
KBDOWN_FLAG  . . . . . . . . . .	Number	 00000001h   
KEY_EVENT  . . . . . . . . . . .	Number	 00000001h   
KEY_MASKS  . . . . . . . . . . .	Number	 0000001Fh   
LEFT_ALT_PRESSED . . . . . . . .	Number	 00000002h   
LEFT_CTRL_PRESSED  . . . . . . .	Number	 00000008h   
MB_ABORTRETRYIGNORE  . . . . . .	Number	 00000002h   
MB_APPLMODAL . . . . . . . . . .	Number	 00000000h   
MB_CANCELTRYCONTINUE . . . . . .	Number	 00000006h   
MB_DEFBUTTON1  . . . . . . . . .	Number	 00000000h   
MB_DEFBUTTON2  . . . . . . . . .	Number	 00000100h   
MB_DEFBUTTON3  . . . . . . . . .	Number	 00000200h   
MB_DEFBUTTON4  . . . . . . . . .	Number	 00000300h   
MB_HELP  . . . . . . . . . . . .	Number	 00004000h   
MB_ICONASTERISK  . . . . . . . .	Number	 00000040h   
MB_ICONERROR . . . . . . . . . .	Number	 00000010h   
MB_ICONEXCLAMATION . . . . . . .	Number	 00000030h   
MB_ICONHAND  . . . . . . . . . .	Number	 00000010h   
MB_ICONINFORMATION . . . . . . .	Number	 00000040h   
MB_ICONQUESTION  . . . . . . . .	Number	 00000020h   
MB_ICONSTOP  . . . . . . . . . .	Number	 00000010h   
MB_ICONWARNING . . . . . . . . .	Number	 00000030h   
MB_OKCANCEL  . . . . . . . . . .	Number	 00000001h   
MB_OK  . . . . . . . . . . . . .	Number	 00000000h   
MB_RETRYCANCEL . . . . . . . . .	Number	 00000005h   
MB_SYSTEMMODAL . . . . . . . . .	Number	 00001000h   
MB_TASKMODAL . . . . . . . . . .	Number	 00002000h   
MB_USERICON  . . . . . . . . . .	Number	 00000080h   
MB_YESNOCANCEL . . . . . . . . .	Number	 00000003h   
MB_YESNO . . . . . . . . . . . .	Number	 00000004h   
MENU_EVENT . . . . . . . . . . .	Number	 00000008h   
MOUSE_EVENT  . . . . . . . . . .	Number	 00000002h   
MessageBox . . . . . . . . . . .	Text   	 MessageBoxA
NULL . . . . . . . . . . . . . .	Number	 00000000h   
NUMLOCK_ON . . . . . . . . . . .	Number	 00000020h   
OPEN_ALWAYS  . . . . . . . . . .	Number	 00000004h   
OPEN_EXISTING  . . . . . . . . .	Number	 00000003h   
PeekConsoleInput . . . . . . . .	Text   	 PeekConsoleInputA
RIGHT_ALT_PRESSED  . . . . . . .	Number	 00000001h   
RIGHT_CTRL_PRESSED . . . . . . .	Number	 00000004h   
ReadConsoleInput . . . . . . . .	Text   	 ReadConsoleInputA
ReadConsole  . . . . . . . . . .	Text   	 ReadConsoleA
SCROLLLOCK_ON  . . . . . . . . .	Number	 00000040h   
SHIFT_MASK . . . . . . . . . . .	Number	 00000010h   
SHIFT_PRESSED  . . . . . . . . .	Number	 00000010h   
STD_ERROR_HANDLE . . . . . . . .	Number	 -0000000Ch   
STD_INPUT_HANDLE . . . . . . . .	Number	 -0000000Ah   
STD_OUTPUT_HANDLE  . . . . . . .	Number	 -0000000Bh   
SetConsoleTitle  . . . . . . . .	Text   	 SetConsoleTitleA
TAB  . . . . . . . . . . . . . .	Number	 00000009h   
TRUE . . . . . . . . . . . . . .	Number	 00000001h   
TRUNCATE_EXISTING  . . . . . . .	Number	 00000005h   
VK_11  . . . . . . . . . . . . .	Number	 000000BDh   
VK_12  . . . . . . . . . . . . .	Number	 000000BBh   
VK_ADD . . . . . . . . . . . . .	Number	 0000006Bh   
VK_BACK  . . . . . . . . . . . .	Number	 00000008h   
VK_CANCEL  . . . . . . . . . . .	Number	 00000003h   
VK_CAPITAL . . . . . . . . . . .	Number	 00000014h   
VK_CLEAR . . . . . . . . . . . .	Number	 0000000Ch   
VK_CONTROL . . . . . . . . . . .	Number	 00000011h   
VK_DECIMAL . . . . . . . . . . .	Number	 0000006Eh   
VK_DELETE  . . . . . . . . . . .	Number	 0000002Eh   
VK_DIVIDE  . . . . . . . . . . .	Number	 0000006Fh   
VK_DOWN  . . . . . . . . . . . .	Number	 00000028h   
VK_END . . . . . . . . . . . . .	Number	 00000023h   
VK_ESCAPE  . . . . . . . . . . .	Number	 0000001Bh   
VK_EXECUTE . . . . . . . . . . .	Number	 0000002Bh   
VK_F10 . . . . . . . . . . . . .	Number	 00000079h   
VK_F11 . . . . . . . . . . . . .	Number	 0000007Ah   
VK_F12 . . . . . . . . . . . . .	Number	 0000007Bh   
VK_F13 . . . . . . . . . . . . .	Number	 0000007Ch   
VK_F14 . . . . . . . . . . . . .	Number	 0000007Dh   
VK_F15 . . . . . . . . . . . . .	Number	 0000007Eh   
VK_F16 . . . . . . . . . . . . .	Number	 0000007Fh   
VK_F17 . . . . . . . . . . . . .	Number	 00000080h   
VK_F18 . . . . . . . . . . . . .	Number	 00000081h   
VK_F19 . . . . . . . . . . . . .	Number	 00000082h   
VK_F1  . . . . . . . . . . . . .	Number	 00000070h   
VK_F20 . . . . . . . . . . . . .	Number	 00000083h   
VK_F21 . . . . . . . . . . . . .	Number	 00000084h   
VK_F22 . . . . . . . . . . . . .	Number	 00000085h   
VK_F23 . . . . . . . . . . . . .	Number	 00000086h   
VK_F24 . . . . . . . . . . . . .	Number	 00000087h   
VK_F2  . . . . . . . . . . . . .	Number	 00000071h   
VK_F3  . . . . . . . . . . . . .	Number	 00000072h   
VK_F4  . . . . . . . . . . . . .	Number	 00000073h   
VK_F5  . . . . . . . . . . . . .	Number	 00000074h   
VK_F6  . . . . . . . . . . . . .	Number	 00000075h   
VK_F7  . . . . . . . . . . . . .	Number	 00000076h   
VK_F8  . . . . . . . . . . . . .	Number	 00000077h   
VK_F9  . . . . . . . . . . . . .	Number	 00000078h   
VK_HELP  . . . . . . . . . . . .	Number	 0000002Fh   
VK_HOME  . . . . . . . . . . . .	Number	 00000024h   
VK_INSERT  . . . . . . . . . . .	Number	 0000002Dh   
VK_LBUTTON . . . . . . . . . . .	Number	 00000001h   
VK_LCONTROL  . . . . . . . . . .	Number	 000000A2h   
VK_LEFT  . . . . . . . . . . . .	Number	 00000025h   
VK_LMENU . . . . . . . . . . . .	Number	 000000A4h   
VK_LSHIFT  . . . . . . . . . . .	Number	 000000A0h   
VK_MENU  . . . . . . . . . . . .	Number	 00000012h   
VK_MULTIPLY  . . . . . . . . . .	Number	 0000006Ah   
VK_NEXT  . . . . . . . . . . . .	Number	 00000022h   
VK_NUMLOCK . . . . . . . . . . .	Number	 00000090h   
VK_NUMPAD0 . . . . . . . . . . .	Number	 00000060h   
VK_NUMPAD1 . . . . . . . . . . .	Number	 00000061h   
VK_NUMPAD2 . . . . . . . . . . .	Number	 00000062h   
VK_NUMPAD3 . . . . . . . . . . .	Number	 00000063h   
VK_NUMPAD4 . . . . . . . . . . .	Number	 00000064h   
VK_NUMPAD5 . . . . . . . . . . .	Number	 00000065h   
VK_NUMPAD6 . . . . . . . . . . .	Number	 00000066h   
VK_NUMPAD7 . . . . . . . . . . .	Number	 00000067h   
VK_NUMPAD8 . . . . . . . . . . .	Number	 00000068h   
VK_NUMPAD9 . . . . . . . . . . .	Number	 00000069h   
VK_PAUSE . . . . . . . . . . . .	Number	 00000013h   
VK_PRINT . . . . . . . . . . . .	Number	 0000002Ah   
VK_PRIOR . . . . . . . . . . . .	Number	 00000021h   
VK_RBUTTON . . . . . . . . . . .	Number	 00000002h   
VK_RCONTROL  . . . . . . . . . .	Number	 000000A3h   
VK_RETURN  . . . . . . . . . . .	Number	 0000000Dh   
VK_RIGHT . . . . . . . . . . . .	Number	 00000027h   
VK_RMENU . . . . . . . . . . . .	Number	 000000A5h   
VK_RSHIFT  . . . . . . . . . . .	Number	 000000A1h   
VK_SCROLL  . . . . . . . . . . .	Number	 00000091h   
VK_SEPARATER . . . . . . . . . .	Number	 0000006Ch   
VK_SHIFT . . . . . . . . . . . .	Number	 00000010h   
VK_SNAPSHOT  . . . . . . . . . .	Number	 0000002Ch   
VK_SPACE . . . . . . . . . . . .	Number	 00000020h   
VK_SUBTRACT  . . . . . . . . . .	Number	 0000006Dh   
VK_TAB . . . . . . . . . . . . .	Number	 00000009h   
VK_UP  . . . . . . . . . . . . .	Number	 00000026h   
WINDOW_BUFFER_SIZE_EVENT . . . .	Number	 00000004h   
WriteConsoleOutputCharacter  . .	Text   	 WriteConsoleOutputCharacterA
WriteConsole . . . . . . . . . .	Text   	 WriteConsoleA
black  . . . . . . . . . . . . .	Number	 00000000h   
blue . . . . . . . . . . . . . .	Number	 00000001h   
brown  . . . . . . . . . . . . .	Number	 00000006h   
cyan . . . . . . . . . . . . . .	Number	 00000003h   
exit . . . . . . . . . . . . . .	Text   	 INVOKE ExitProcess,0
gray . . . . . . . . . . . . . .	Number	 00000008h   
green  . . . . . . . . . . . . .	Number	 00000002h   
lightBlue  . . . . . . . . . . .	Number	 00000009h   
lightCyan  . . . . . . . . . . .	Number	 0000000Bh   
lightGray  . . . . . . . . . . .	Number	 00000007h   
lightGreen . . . . . . . . . . .	Number	 0000000Ah   
lightMagenta . . . . . . . . . .	Number	 0000000Dh   
lightRed . . . . . . . . . . . .	Number	 0000000Ch   
magenta  . . . . . . . . . . . .	Number	 00000005h   
num_prompt . . . . . . . . . . .	Byte	 0000017F _DATA	
program_info_1 . . . . . . . . .	Byte	 00000000 _DATA	
program_info_2 . . . . . . . . .	Byte	 00000053 _DATA	
red  . . . . . . . . . . . . . .	Number	 00000004h   
temp_num . . . . . . . . . . . .	DWord	 00000177 _DATA	
userString_len . . . . . . . . .	DWord	 00000173 _DATA	
userString_max_len . . . . . . .	DWord	 0000017B _DATA	
userString . . . . . . . . . . .	Byte	 00000167 _DATA	
white  . . . . . . . . . . . . .	Number	 0000000Fh   
wsprintf . . . . . . . . . . . .	Text   	 wsprintfA
yellow . . . . . . . . . . . . .	Number	 0000000Eh   

	   0 Warnings
	   0 Errors
